// Jest Snapshot v1, https://goo.gl/fbAQLP

exports[`renders learn react link 1`] = `
.c0 {
  color: #0F0;
}

<div
  class="c0"
  color="#0F0"
>
  <h1>
    Hello
  </h1>
</div>
`;
